[2025-08-20T21:54:37.076+0000] {local_task_job_runner.py:120} INFO - ::group::Pre task execution logs
[2025-08-20T21:54:37.087+0000] {taskinstance.py:2076} INFO - Dependencies all met for dep_context=non-requeueable deps ti=<TaskInstance: marketvol.download_market_data_aapl manual__2025-08-20T21:54:33.581198+00:00 [queued]>
[2025-08-20T21:54:37.092+0000] {taskinstance.py:2076} INFO - Dependencies all met for dep_context=requeueable deps ti=<TaskInstance: marketvol.download_market_data_aapl manual__2025-08-20T21:54:33.581198+00:00 [queued]>
[2025-08-20T21:54:37.093+0000] {taskinstance.py:2306} INFO - Starting attempt 1 of 3
[2025-08-20T21:54:37.101+0000] {taskinstance.py:2330} INFO - Executing <Task(PythonOperator): download_market_data_aapl> on 2025-08-20 21:54:33.581198+00:00
[2025-08-20T21:54:37.106+0000] {standard_task_runner.py:63} INFO - Started process 9088 to run task
[2025-08-20T21:54:37.108+0000] {standard_task_runner.py:90} INFO - Running: ['***', 'tasks', 'run', 'marketvol', 'download_market_data_aapl', 'manual__2025-08-20T21:54:33.581198+00:00', '--job-id', '58', '--raw', '--subdir', 'DAGS_FOLDER/dag_marketvol.py', '--cfg-path', '/tmp/tmp26ye2z18']
[2025-08-20T21:54:37.109+0000] {standard_task_runner.py:91} INFO - Job 58: Subtask download_market_data_aapl
[2025-08-20T21:54:37.155+0000] {task_command.py:426} INFO - Running <TaskInstance: marketvol.download_market_data_aapl manual__2025-08-20T21:54:33.581198+00:00 [running]> on host 86e599c7130c
[2025-08-20T21:54:37.206+0000] {taskinstance.py:2648} INFO - Exporting env vars: AIRFLOW_CTX_DAG_OWNER='dataengineer' AIRFLOW_CTX_DAG_ID='marketvol' AIRFLOW_CTX_TASK_ID='download_market_data_aapl' AIRFLOW_CTX_EXECUTION_DATE='2025-08-20T21:54:33.581198+00:00' AIRFLOW_CTX_TRY_NUMBER='1' AIRFLOW_CTX_DAG_RUN_ID='manual__2025-08-20T21:54:33.581198+00:00'
[2025-08-20T21:54:37.208+0000] {taskinstance.py:430} INFO - ::endgroup::
[2025-08-20T21:54:37.214+0000] {warnings.py:109} WARNING - /opt/***/dags/dag_marketvol.py:14: FutureWarning: YF.download() has changed argument auto_adjust default to True
  stock_df = yf.download(stock_symbol, start=start_date, end=end_date, interval='1m')

[2025-08-20T21:54:37.678+0000] {logging_mixin.py:188} WARNING - [*********************100%***********************]  1 of 1 completed
[2025-08-20T21:54:37.688+0000] {python.py:237} INFO - Done. Returned value was: None
[2025-08-20T21:54:37.688+0000] {taskinstance.py:441} INFO - ::group::Post task execution logs
[2025-08-20T21:54:37.695+0000] {taskinstance.py:1206} INFO - Marking task as SUCCESS. dag_id=marketvol, task_id=download_market_data_aapl, run_id=manual__2025-08-20T21:54:33.581198+00:00, execution_date=20250820T215433, start_date=20250820T215437, end_date=20250820T215437
[2025-08-20T21:54:37.723+0000] {local_task_job_runner.py:240} INFO - Task exited with return code 0
[2025-08-20T21:54:37.741+0000] {taskinstance.py:3498} INFO - 1 downstream tasks scheduled from follow-on schedule check
[2025-08-20T21:54:37.745+0000] {local_task_job_runner.py:222} INFO - ::endgroup::
