[2025-08-20T21:54:39.225+0000] {local_task_job_runner.py:120} INFO - ::group::Pre task execution logs
[2025-08-20T21:54:39.236+0000] {taskinstance.py:2076} INFO - Dependencies all met for dep_context=non-requeueable deps ti=<TaskInstance: marketvol.move_tsla_data_to_temp_directory manual__2025-08-20T21:54:33.581198+00:00 [queued]>
[2025-08-20T21:54:39.241+0000] {taskinstance.py:2076} INFO - Dependencies all met for dep_context=requeueable deps ti=<TaskInstance: marketvol.move_tsla_data_to_temp_directory manual__2025-08-20T21:54:33.581198+00:00 [queued]>
[2025-08-20T21:54:39.242+0000] {taskinstance.py:2306} INFO - Starting attempt 1 of 3
[2025-08-20T21:54:39.250+0000] {taskinstance.py:2330} INFO - Executing <Task(BashOperator): move_tsla_data_to_temp_directory> on 2025-08-20 21:54:33.581198+00:00
[2025-08-20T21:54:39.254+0000] {standard_task_runner.py:63} INFO - Started process 9100 to run task
[2025-08-20T21:54:39.257+0000] {standard_task_runner.py:90} INFO - Running: ['***', 'tasks', 'run', 'marketvol', 'move_tsla_data_to_temp_directory', 'manual__2025-08-20T21:54:33.581198+00:00', '--job-id', '61', '--raw', '--subdir', 'DAGS_FOLDER/dag_marketvol.py', '--cfg-path', '/tmp/tmpwwy0a6n6']
[2025-08-20T21:54:39.258+0000] {standard_task_runner.py:91} INFO - Job 61: Subtask move_tsla_data_to_temp_directory
[2025-08-20T21:54:39.301+0000] {task_command.py:426} INFO - Running <TaskInstance: marketvol.move_tsla_data_to_temp_directory manual__2025-08-20T21:54:33.581198+00:00 [running]> on host 86e599c7130c
[2025-08-20T21:54:39.351+0000] {taskinstance.py:2648} INFO - Exporting env vars: AIRFLOW_CTX_DAG_OWNER='dataengineer' AIRFLOW_CTX_DAG_ID='marketvol' AIRFLOW_CTX_TASK_ID='move_tsla_data_to_temp_directory' AIRFLOW_CTX_EXECUTION_DATE='2025-08-20T21:54:33.581198+00:00' AIRFLOW_CTX_TRY_NUMBER='1' AIRFLOW_CTX_DAG_RUN_ID='manual__2025-08-20T21:54:33.581198+00:00'
[2025-08-20T21:54:39.353+0000] {taskinstance.py:430} INFO - ::endgroup::
[2025-08-20T21:54:39.353+0000] {subprocess.py:63} INFO - Tmp dir root location: /tmp
[2025-08-20T21:54:39.354+0000] {subprocess.py:75} INFO - Running command: ['/usr/bin/bash', '-c', 'mv /opt/***/data_TSLA.csv /tmp/data/2025-08-20/']
[2025-08-20T21:54:39.363+0000] {subprocess.py:86} INFO - Output:
[2025-08-20T21:54:39.366+0000] {subprocess.py:97} INFO - Command exited with return code 0
[2025-08-20T21:54:39.367+0000] {taskinstance.py:441} INFO - ::group::Post task execution logs
[2025-08-20T21:54:39.384+0000] {taskinstance.py:1206} INFO - Marking task as SUCCESS. dag_id=marketvol, task_id=move_tsla_data_to_temp_directory, run_id=manual__2025-08-20T21:54:33.581198+00:00, execution_date=20250820T215433, start_date=20250820T215439, end_date=20250820T215439
[2025-08-20T21:54:39.430+0000] {local_task_job_runner.py:240} INFO - Task exited with return code 0
[2025-08-20T21:54:39.445+0000] {taskinstance.py:3498} INFO - 1 downstream tasks scheduled from follow-on schedule check
[2025-08-20T21:54:39.449+0000] {local_task_job_runner.py:222} INFO - ::endgroup::
